contract/src/deploy.ts(20,20): error TS2737: BigInt literals are not available when targeting lower than ES2020.
contract/typechain-types/contracts/veiltix.sol/VeilTix.ts(407,18): error TS2430: Interface 'VeilTix' incorrectly extends interface 'BaseContract'.
  The types of 'connect(...).getEvent' are incompatible between these types.
    Type 'TypedContractMethod<[eventId: BigNumberish], [EventStructOutput], "view">' is not assignable to type '(key: string | EventFragment) => ContractEvent<any[]>'.
      Types of parameters 'args' and 'key' are incompatible.
        Type '[key: string | EventFragment]' is not assignable to type 'ContractMethodArgs<[eventId: BigNumberish], "view">'.
          Type '[key: string | EventFragment]' is not assignable to type '[eventId: BigNumberish | Typed]'.
            Type 'string | EventFragment' is not assignable to type 'BigNumberish | Typed'.
              Type 'EventFragment' is not assignable to type 'BigNumberish | Typed'.
                Type 'EventFragment' is missing the following properties from type 'Typed': #private, value, _typedSymbol, defaultValue, and 7 more.
contract/typechain-types/contracts/veiltix.sol/VeilTix.ts(516,3): error TS2300: Duplicate identifier 'getEvent'.
contract/typechain-types/contracts/veiltix.sol/VeilTix.ts(858,3): error TS2300: Duplicate identifier 'getEvent'.
contract/typechain-types/contracts/veiltix.sol/VeilTix.ts(865,3): error TS2300: Duplicate identifier 'getEvent'.
contract/typechain-types/contracts/veiltix.sol/VeilTix.ts(872,3): error TS2300: Duplicate identifier 'getEvent'.
contract/typechain-types/contracts/veiltix.sol/VeilTix.ts(879,3): error TS2300: Duplicate identifier 'getEvent'.
contract/typechain-types/factories/contracts/veiltix.sol/VeilTix__factory.ts(989,12): error TS2416: Property 'deploy' in type 'VeilTix__factory' is not assignable to the same property in base type 'ContractFactory<any[], BaseContract>'.
  Type '(overrides?: (NonPayableOverrides & { from?: string | undefined; }) | undefined) => Promise<VeilTix & { deploymentTransaction(): ContractTransactionResponse; }>' is not assignable to type '(...args: ContractMethodArgs<any[]>) => Promise<BaseContract & { deploymentTransaction(): ContractTransactionResponse; } & Omit<...>>'.
    Type 'Promise<VeilTix & { deploymentTransaction(): ContractTransactionResponse; }>' is not assignable to type 'Promise<BaseContract & { deploymentTransaction(): ContractTransactionResponse; } & Omit<BaseContract, keyof BaseContract>>'.
      Type 'VeilTix & { deploymentTransaction(): ContractTransactionResponse; }' is not assignable to type 'BaseContract & { deploymentTransaction(): ContractTransactionResponse; } & Omit<BaseContract, keyof BaseContract>'.
        Type 'VeilTix & { deploymentTransaction(): ContractTransactionResponse; }' is not assignable to type 'BaseContract'.
          The types of 'connect(...).getEvent' are incompatible between these types.
            Type 'TypedContractMethod<[eventId: BigNumberish], [EventStructOutput], "view">' is not assignable to type '(key: string | EventFragment) => ContractEvent<any[]>'.
              Types of parameters 'args' and 'key' are incompatible.
                Type '[key: string | EventFragment]' is not assignable to type 'ContractMethodArgs<[eventId: BigNumberish], "view">'.
                  Type '[key: string | EventFragment]' is not assignable to type '[eventId: BigNumberish | Typed]'.
                    Type 'string | EventFragment' is not assignable to type 'BigNumberish | Typed'.
                      Type 'EventFragment' is not assignable to type 'BigNumberish | Typed'.
                        Type 'EventFragment' is missing the following properties from type 'Typed': #private, value, _typedSymbol, defaultValue, and 7 more.
contract/typechain-types/factories/contracts/veiltix.sol/VeilTix__factory.ts(990,12): error TS2352: Conversion of type 'Promise<BaseContract & { deploymentTransaction(): ContractTransactionResponse; } & Omit<BaseContract, keyof BaseContract>>' to type 'Promise<VeilTix & { deploymentTransaction(): ContractTransactionResponse; }>' may be a mistake because neither type sufficiently overlaps with the other. If this was intentional, convert the expression to 'unknown' first.
  Type 'BaseContract & { deploymentTransaction(): ContractTransactionResponse; } & Omit<BaseContract, keyof BaseContract>' is not comparable to type 'VeilTix & { deploymentTransaction(): ContractTransactionResponse; }'.
    Type 'BaseContract & { deploymentTransaction(): ContractTransactionResponse; } & Omit<BaseContract, keyof BaseContract>' is missing the following properties from type 'VeilTix': approve, balanceOf, buyTicket, cancelEvent, and 28 more.
contract/typechain-types/factories/contracts/veiltix.sol/VeilTix__factory.ts(996,12): error TS2416: Property 'connect' in type 'VeilTix__factory' is not assignable to the same property in base type 'ContractFactory<any[], BaseContract>'.
  Type '(runner: ContractRunner | null) => VeilTix__factory' is not assignable to type '(runner: ContractRunner | null) => ContractFactory<any[], BaseContract>'.
    Call signature return types 'VeilTix__factory' and 'ContractFactory<any[], BaseContract>' are incompatible.
      The types returned by 'deploy(...)' are incompatible between these types.
        Type 'Promise<VeilTix & { deploymentTransaction(): ContractTransactionResponse; }>' is not assignable to type 'Promise<BaseContract & { deploymentTransaction(): ContractTransactionResponse; } & Omit<BaseContract, keyof BaseContract>>'.
          Type 'VeilTix & { deploymentTransaction(): ContractTransactionResponse; }' is not assignable to type 'BaseContract & { deploymentTransaction(): ContractTransactionResponse; } & Omit<BaseContract, keyof BaseContract>'.
            Type 'VeilTix & { deploymentTransaction(): ContractTransactionResponse; }' is not assignable to type 'BaseContract'.
              The types of 'connect(...).getEvent' are incompatible between these types.
                Type 'TypedContractMethod<[eventId: BigNumberish], [EventStructOutput], "view">' is not assignable to type '(key: string | EventFragment) => ContractEvent<any[]>'.
                  Types of parameters 'args' and 'key' are incompatible.
                    Type '[key: string | EventFragment]' is not assignable to type 'ContractMethodArgs<[eventId: BigNumberish], "view">'.
                      Type '[key: string | EventFragment]' is not assignable to type '[eventId: BigNumberish | Typed]'.
                        Type 'string | EventFragment' is not assignable to type 'BigNumberish | Typed'.
                          Type 'EventFragment' is not assignable to type 'BigNumberish | Typed'.
                            Type 'EventFragment' is missing the following properties from type 'Typed': #private, value, _typedSymbol, defaultValue, and 7 more.
contract/typechain-types/factories/contracts/veiltix.sol/VeilTix__factory.ts(997,12): error TS2352: Conversion of type 'ContractFactory<any[], BaseContract>' to type 'VeilTix__factory' may be a mistake because neither type sufficiently overlaps with the other. If this was intentional, convert the expression to 'unknown' first.
  The types returned by 'deploy(...)' are incompatible between these types.
    Type 'Promise<BaseContract & { deploymentTransaction(): ContractTransactionResponse; } & Omit<BaseContract, keyof BaseContract>>' is not comparable to type 'Promise<VeilTix & { deploymentTransaction(): ContractTransactionResponse; }>'.
      Type 'BaseContract & { deploymentTransaction(): ContractTransactionResponse; } & Omit<BaseContract, keyof BaseContract>' is not comparable to type 'VeilTix & { deploymentTransaction(): ContractTransactionResponse; }'.
        Type 'BaseContract & { deploymentTransaction(): ContractTransactionResponse; } & Omit<BaseContract, keyof BaseContract>' is missing the following properties from type 'VeilTix': approve, balanceOf, buyTicket, cancelEvent, and 28 more.
src/app/check-in/page.tsx(34,41): error TS2339: Property 'catch' does not exist on type 'void'.
src/app/check-in/page.tsx(65,37): error TS2339: Property 'catch' does not exist on type 'void'.
src/app/check-in/page.tsx(89,39): error TS2339: Property 'catch' does not exist on type 'void'.
